This is pdfTeX, Version 3.141592653-2.6-1.40.26 (TeX Live 2024) (preloaded format=pdflatex 2024.11.6)  8 NOV 2024 17:19
entering extended mode
 restricted \write18 enabled.
 file:line:error style messages enabled.
 %&-line parsing enabled.
**main.tex
(./main.tex
LaTeX2e <2023-11-01> patch level 1
L3 programming layer <2024-02-20>
(/usr/local/texlive/2024/texmf-dist/tex/latex/base/book.cls
Document Class: book 2023/05/17 v1.4n Standard LaTeX document class
(/usr/local/texlive/2024/texmf-dist/tex/latex/base/bk10.clo
File: bk10.clo 2023/05/17 v1.4n Standard LaTeX file (size option)
)
\c@part=\count188
\c@chapter=\count189
\c@section=\count190
\c@subsection=\count191
\c@subsubsection=\count192
\c@paragraph=\count193
\c@subparagraph=\count194
\c@figure=\count195
\c@table=\count196
\abovecaptionskip=\skip48
\belowcaptionskip=\skip49
\bibindent=\dimen140
)
(/usr/local/texlive/2024/texmf-dist/tex/latex/base/fontenc.sty
Package: fontenc 2021/04/29 v2.0v Standard LaTeX package
)
(/usr/local/texlive/2024/texmf-dist/tex/latex/base/inputenc.sty
Package: inputenc 2021/02/14 v1.3d Input encoding file
\inpenc@prehook=\toks17
\inpenc@posthook=\toks18
)
(/usr/local/texlive/2024/texmf-dist/tex/generic/babel/babel.sty
Package: babel 2024/02/07 v24.2 The Babel package
\babel@savecnt=\count197
\U@D=\dimen141
\l@unhyphenated=\language89

(/usr/local/texlive/2024/texmf-dist/tex/generic/babel/txtbabel.def)
\bbl@readstream=\read2
\bbl@dirlevel=\count198

(/usr/local/texlive/2024/texmf-dist/tex/generic/babel-spanish/spanish.ldf
Language: spanish.ldf 2021/05/27 v5.0q Spanish support from the babel system
\es@quottoks=\toks19
\es@quotdepth=\count199
Package babel Info: Making " an active character on input line 570.
Package babel Info: Making . an active character on input line 675.
Package babel Info: Making < an active character on input line 722.
Package babel Info: Making > an active character on input line 722.
))
(/usr/local/texlive/2024/texmf-dist/tex/generic/babel/locale/es/babel-spanish.t
ex
Package babel Info: Importing font and identification data for spanish
(babel)             from babel-es.ini. Reported on input line 11.
) (/usr/local/texlive/2024/texmf-dist/tex/latex/geometry/geometry.sty
Package: geometry 2020/01/02 v5.9 Page Geometry

(/usr/local/texlive/2024/texmf-dist/tex/latex/graphics/keyval.sty
Package: keyval 2022/05/29 v1.15 key=value parser (DPC)
\KV@toks@=\toks20
)
(/usr/local/texlive/2024/texmf-dist/tex/generic/iftex/ifvtex.sty
Package: ifvtex 2019/10/25 v1.7 ifvtex legacy package. Use iftex instead.

(/usr/local/texlive/2024/texmf-dist/tex/generic/iftex/iftex.sty
Package: iftex 2022/02/03 v1.0f TeX engine tests
))
\Gm@cnth=\count266
\Gm@cntv=\count267
\c@Gm@tempcnt=\count268
\Gm@bindingoffset=\dimen142
\Gm@wd@mp=\dimen143
\Gm@odd@mp=\dimen144
\Gm@even@mp=\dimen145
\Gm@layoutwidth=\dimen146
\Gm@layoutheight=\dimen147
\Gm@layouthoffset=\dimen148
\Gm@layoutvoffset=\dimen149
\Gm@dimlist=\toks21
)
(/usr/local/texlive/2024/texmf-dist/tex/latex/pgf/frontendlayer/tikz.sty
(/usr/local/texlive/2024/texmf-dist/tex/latex/pgf/basiclayer/pgf.sty
(/usr/local/texlive/2024/texmf-dist/tex/latex/pgf/utilities/pgfrcs.sty
(/usr/local/texlive/2024/texmf-dist/tex/generic/pgf/utilities/pgfutil-common.te
x
\pgfutil@everybye=\toks22
\pgfutil@tempdima=\dimen150
\pgfutil@tempdimb=\dimen151
)
(/usr/local/texlive/2024/texmf-dist/tex/generic/pgf/utilities/pgfutil-latex.def
\pgfutil@abb=\box51
) (/usr/local/texlive/2024/texmf-dist/tex/generic/pgf/utilities/pgfrcs.code.tex
(/usr/local/texlive/2024/texmf-dist/tex/generic/pgf/pgf.revision.tex)
Package: pgfrcs 2023-01-15 v3.1.10 (3.1.10)
))
Package: pgf 2023-01-15 v3.1.10 (3.1.10)

(/usr/local/texlive/2024/texmf-dist/tex/latex/pgf/basiclayer/pgfcore.sty
(/usr/local/texlive/2024/texmf-dist/tex/latex/graphics/graphicx.sty
Package: graphicx 2021/09/16 v1.2d Enhanced LaTeX Graphics (DPC,SPQR)

(/usr/local/texlive/2024/texmf-dist/tex/latex/graphics/graphics.sty
Package: graphics 2022/03/10 v1.4e Standard LaTeX Graphics (DPC,SPQR)

(/usr/local/texlive/2024/texmf-dist/tex/latex/graphics/trig.sty
Package: trig 2021/08/11 v1.11 sin cos tan (DPC)
)
(/usr/local/texlive/2024/texmf-dist/tex/latex/graphics-cfg/graphics.cfg
File: graphics.cfg 2016/06/04 v1.11 sample graphics configuration
)
Package graphics Info: Driver file: pdftex.def on input line 107.

(/usr/local/texlive/2024/texmf-dist/tex/latex/graphics-def/pdftex.def
File: pdftex.def 2022/09/22 v1.2b Graphics/color driver for pdftex
))
\Gin@req@height=\dimen152
\Gin@req@width=\dimen153
)
(/usr/local/texlive/2024/texmf-dist/tex/latex/pgf/systemlayer/pgfsys.sty
(/usr/local/texlive/2024/texmf-dist/tex/generic/pgf/systemlayer/pgfsys.code.tex
Package: pgfsys 2023-01-15 v3.1.10 (3.1.10)
(/usr/local/texlive/2024/texmf-dist/tex/generic/pgf/utilities/pgfkeys.code.tex
\pgfkeys@pathtoks=\toks23
\pgfkeys@temptoks=\toks24

(/usr/local/texlive/2024/texmf-dist/tex/generic/pgf/utilities/pgfkeyslibraryfil
tered.code.tex
\pgfkeys@tmptoks=\toks25
))
\pgf@x=\dimen154
\pgf@y=\dimen155
\pgf@xa=\dimen156
\pgf@ya=\dimen157
\pgf@xb=\dimen158
\pgf@yb=\dimen159
\pgf@xc=\dimen160
\pgf@yc=\dimen161
\pgf@xd=\dimen162
\pgf@yd=\dimen163
\w@pgf@writea=\write3
\r@pgf@reada=\read3
\c@pgf@counta=\count269
\c@pgf@countb=\count270
\c@pgf@countc=\count271
\c@pgf@countd=\count272
\t@pgf@toka=\toks26
\t@pgf@tokb=\toks27
\t@pgf@tokc=\toks28
\pgf@sys@id@count=\count273

(/usr/local/texlive/2024/texmf-dist/tex/generic/pgf/systemlayer/pgf.cfg
File: pgf.cfg 2023-01-15 v3.1.10 (3.1.10)
)
Driver file for pgf: pgfsys-pdftex.def

(/usr/local/texlive/2024/texmf-dist/tex/generic/pgf/systemlayer/pgfsys-pdftex.d
ef
File: pgfsys-pdftex.def 2023-01-15 v3.1.10 (3.1.10)

(/usr/local/texlive/2024/texmf-dist/tex/generic/pgf/systemlayer/pgfsys-common-p
df.def
File: pgfsys-common-pdf.def 2023-01-15 v3.1.10 (3.1.10)
)))
(/usr/local/texlive/2024/texmf-dist/tex/generic/pgf/systemlayer/pgfsyssoftpath.
code.tex
File: pgfsyssoftpath.code.tex 2023-01-15 v3.1.10 (3.1.10)
\pgfsyssoftpath@smallbuffer@items=\count274
\pgfsyssoftpath@bigbuffer@items=\count275
)
(/usr/local/texlive/2024/texmf-dist/tex/generic/pgf/systemlayer/pgfsysprotocol.
code.tex
File: pgfsysprotocol.code.tex 2023-01-15 v3.1.10 (3.1.10)
)) (/usr/local/texlive/2024/texmf-dist/tex/latex/xcolor/xcolor.sty
Package: xcolor 2023/11/15 v3.01 LaTeX color extensions (UK)

(/usr/local/texlive/2024/texmf-dist/tex/latex/graphics-cfg/color.cfg
File: color.cfg 2016/01/02 v1.6 sample color configuration
)
Package xcolor Info: Driver file: pdftex.def on input line 274.

(/usr/local/texlive/2024/texmf-dist/tex/latex/graphics/mathcolor.ltx)
Package xcolor Info: Model `cmy' substituted by `cmy0' on input line 1350.
Package xcolor Info: Model `hsb' substituted by `rgb' on input line 1354.
Package xcolor Info: Model `RGB' extended on input line 1366.
Package xcolor Info: Model `HTML' substituted by `rgb' on input line 1368.
Package xcolor Info: Model `Hsb' substituted by `hsb' on input line 1369.
Package xcolor Info: Model `tHsb' substituted by `hsb' on input line 1370.
Package xcolor Info: Model `HSB' substituted by `hsb' on input line 1371.
Package xcolor Info: Model `Gray' substituted by `gray' on input line 1372.
Package xcolor Info: Model `wave' substituted by `hsb' on input line 1373.
)
(/usr/local/texlive/2024/texmf-dist/tex/generic/pgf/basiclayer/pgfcore.code.tex
Package: pgfcore 2023-01-15 v3.1.10 (3.1.10)
(/usr/local/texlive/2024/texmf-dist/tex/generic/pgf/math/pgfmath.code.tex
(/usr/local/texlive/2024/texmf-dist/tex/generic/pgf/math/pgfmathutil.code.tex)
(/usr/local/texlive/2024/texmf-dist/tex/generic/pgf/math/pgfmathparser.code.tex
\pgfmath@dimen=\dimen164
\pgfmath@count=\count276
\pgfmath@box=\box52
\pgfmath@toks=\toks29
\pgfmath@stack@operand=\toks30
\pgfmath@stack@operation=\toks31
)
(/usr/local/texlive/2024/texmf-dist/tex/generic/pgf/math/pgfmathfunctions.code.
tex)
(/usr/local/texlive/2024/texmf-dist/tex/generic/pgf/math/pgfmathfunctions.basic
.code.tex)
(/usr/local/texlive/2024/texmf-dist/tex/generic/pgf/math/pgfmathfunctions.trigo
nometric.code.tex)
(/usr/local/texlive/2024/texmf-dist/tex/generic/pgf/math/pgfmathfunctions.rando
m.code.tex)
(/usr/local/texlive/2024/texmf-dist/tex/generic/pgf/math/pgfmathfunctions.compa
rison.code.tex)
(/usr/local/texlive/2024/texmf-dist/tex/generic/pgf/math/pgfmathfunctions.base.
code.tex)
(/usr/local/texlive/2024/texmf-dist/tex/generic/pgf/math/pgfmathfunctions.round
.code.tex)
(/usr/local/texlive/2024/texmf-dist/tex/generic/pgf/math/pgfmathfunctions.misc.
code.tex)
(/usr/local/texlive/2024/texmf-dist/tex/generic/pgf/math/pgfmathfunctions.integ
erarithmetics.code.tex)
(/usr/local/texlive/2024/texmf-dist/tex/generic/pgf/math/pgfmathcalc.code.tex)
(/usr/local/texlive/2024/texmf-dist/tex/generic/pgf/math/pgfmathfloat.code.tex
\c@pgfmathroundto@lastzeros=\count277
)) (/usr/local/texlive/2024/texmf-dist/tex/generic/pgf/math/pgfint.code.tex)
(/usr/local/texlive/2024/texmf-dist/tex/generic/pgf/basiclayer/pgfcorepoints.co
de.tex
File: pgfcorepoints.code.tex 2023-01-15 v3.1.10 (3.1.10)
\pgf@picminx=\dimen165
\pgf@picmaxx=\dimen166
\pgf@picminy=\dimen167
\pgf@picmaxy=\dimen168
\pgf@pathminx=\dimen169
\pgf@pathmaxx=\dimen170
\pgf@pathminy=\dimen171
\pgf@pathmaxy=\dimen172
\pgf@xx=\dimen173
\pgf@xy=\dimen174
\pgf@yx=\dimen175
\pgf@yy=\dimen176
\pgf@zx=\dimen177
\pgf@zy=\dimen178
)
(/usr/local/texlive/2024/texmf-dist/tex/generic/pgf/basiclayer/pgfcorepathconst
ruct.code.tex
File: pgfcorepathconstruct.code.tex 2023-01-15 v3.1.10 (3.1.10)
\pgf@path@lastx=\dimen179
\pgf@path@lasty=\dimen180
)
(/usr/local/texlive/2024/texmf-dist/tex/generic/pgf/basiclayer/pgfcorepathusage
.code.tex
File: pgfcorepathusage.code.tex 2023-01-15 v3.1.10 (3.1.10)
\pgf@shorten@end@additional=\dimen181
\pgf@shorten@start@additional=\dimen182
)
(/usr/local/texlive/2024/texmf-dist/tex/generic/pgf/basiclayer/pgfcorescopes.co
de.tex
File: pgfcorescopes.code.tex 2023-01-15 v3.1.10 (3.1.10)
\pgfpic=\box53
\pgf@hbox=\box54
\pgf@layerbox@main=\box55
\pgf@picture@serial@count=\count278
)
(/usr/local/texlive/2024/texmf-dist/tex/generic/pgf/basiclayer/pgfcoregraphicst
ate.code.tex
File: pgfcoregraphicstate.code.tex 2023-01-15 v3.1.10 (3.1.10)
\pgflinewidth=\dimen183
)
(/usr/local/texlive/2024/texmf-dist/tex/generic/pgf/basiclayer/pgfcoretransform
ations.code.tex
File: pgfcoretransformations.code.tex 2023-01-15 v3.1.10 (3.1.10)
\pgf@pt@x=\dimen184
\pgf@pt@y=\dimen185
\pgf@pt@temp=\dimen186
)
(/usr/local/texlive/2024/texmf-dist/tex/generic/pgf/basiclayer/pgfcorequick.cod
e.tex
File: pgfcorequick.code.tex 2023-01-15 v3.1.10 (3.1.10)
)
(/usr/local/texlive/2024/texmf-dist/tex/generic/pgf/basiclayer/pgfcoreobjects.c
ode.tex
File: pgfcoreobjects.code.tex 2023-01-15 v3.1.10 (3.1.10)
)
(/usr/local/texlive/2024/texmf-dist/tex/generic/pgf/basiclayer/pgfcorepathproce
ssing.code.tex
File: pgfcorepathprocessing.code.tex 2023-01-15 v3.1.10 (3.1.10)
)
(/usr/local/texlive/2024/texmf-dist/tex/generic/pgf/basiclayer/pgfcorearrows.co
de.tex
File: pgfcorearrows.code.tex 2023-01-15 v3.1.10 (3.1.10)
\pgfarrowsep=\dimen187
)
(/usr/local/texlive/2024/texmf-dist/tex/generic/pgf/basiclayer/pgfcoreshade.cod
e.tex
File: pgfcoreshade.code.tex 2023-01-15 v3.1.10 (3.1.10)
\pgf@max=\dimen188
\pgf@sys@shading@range@num=\count279
\pgf@shadingcount=\count280
)
(/usr/local/texlive/2024/texmf-dist/tex/generic/pgf/basiclayer/pgfcoreimage.cod
e.tex
File: pgfcoreimage.code.tex 2023-01-15 v3.1.10 (3.1.10)
)
(/usr/local/texlive/2024/texmf-dist/tex/generic/pgf/basiclayer/pgfcoreexternal.
code.tex
File: pgfcoreexternal.code.tex 2023-01-15 v3.1.10 (3.1.10)
\pgfexternal@startupbox=\box56
)
(/usr/local/texlive/2024/texmf-dist/tex/generic/pgf/basiclayer/pgfcorelayers.co
de.tex
File: pgfcorelayers.code.tex 2023-01-15 v3.1.10 (3.1.10)
)
(/usr/local/texlive/2024/texmf-dist/tex/generic/pgf/basiclayer/pgfcoretranspare
ncy.code.tex
File: pgfcoretransparency.code.tex 2023-01-15 v3.1.10 (3.1.10)
)
(/usr/local/texlive/2024/texmf-dist/tex/generic/pgf/basiclayer/pgfcorepatterns.
code.tex
File: pgfcorepatterns.code.tex 2023-01-15 v3.1.10 (3.1.10)
)
(/usr/local/texlive/2024/texmf-dist/tex/generic/pgf/basiclayer/pgfcorerdf.code.
tex
File: pgfcorerdf.code.tex 2023-01-15 v3.1.10 (3.1.10)
)))
(/usr/local/texlive/2024/texmf-dist/tex/generic/pgf/modules/pgfmoduleshapes.cod
e.tex
File: pgfmoduleshapes.code.tex 2023-01-15 v3.1.10 (3.1.10)
\pgfnodeparttextbox=\box57
)
(/usr/local/texlive/2024/texmf-dist/tex/generic/pgf/modules/pgfmoduleplot.code.
tex
File: pgfmoduleplot.code.tex 2023-01-15 v3.1.10 (3.1.10)
)
(/usr/local/texlive/2024/texmf-dist/tex/latex/pgf/compatibility/pgfcomp-version
-0-65.sty
Package: pgfcomp-version-0-65 2023-01-15 v3.1.10 (3.1.10)
\pgf@nodesepstart=\dimen189
\pgf@nodesepend=\dimen190
)
(/usr/local/texlive/2024/texmf-dist/tex/latex/pgf/compatibility/pgfcomp-version
-1-18.sty
Package: pgfcomp-version-1-18 2023-01-15 v3.1.10 (3.1.10)
))
(/usr/local/texlive/2024/texmf-dist/tex/latex/pgf/utilities/pgffor.sty
(/usr/local/texlive/2024/texmf-dist/tex/latex/pgf/utilities/pgfkeys.sty
(/usr/local/texlive/2024/texmf-dist/tex/generic/pgf/utilities/pgfkeys.code.tex)
) (/usr/local/texlive/2024/texmf-dist/tex/latex/pgf/math/pgfmath.sty
(/usr/local/texlive/2024/texmf-dist/tex/generic/pgf/math/pgfmath.code.tex))
(/usr/local/texlive/2024/texmf-dist/tex/generic/pgf/utilities/pgffor.code.tex
Package: pgffor 2023-01-15 v3.1.10 (3.1.10)
\pgffor@iter=\dimen191
\pgffor@skip=\dimen192
\pgffor@stack=\toks32
\pgffor@toks=\toks33
))
(/usr/local/texlive/2024/texmf-dist/tex/generic/pgf/frontendlayer/tikz/tikz.cod
e.tex
Package: tikz 2023-01-15 v3.1.10 (3.1.10)

(/usr/local/texlive/2024/texmf-dist/tex/generic/pgf/libraries/pgflibraryplothan
dlers.code.tex
File: pgflibraryplothandlers.code.tex 2023-01-15 v3.1.10 (3.1.10)
\pgf@plot@mark@count=\count281
\pgfplotmarksize=\dimen193
)
\tikz@lastx=\dimen194
\tikz@lasty=\dimen195
\tikz@lastxsaved=\dimen196
\tikz@lastysaved=\dimen197
\tikz@lastmovetox=\dimen198
\tikz@lastmovetoy=\dimen199
\tikzleveldistance=\dimen256
\tikzsiblingdistance=\dimen257
\tikz@figbox=\box58
\tikz@figbox@bg=\box59
\tikz@tempbox=\box60
\tikz@tempbox@bg=\box61
\tikztreelevel=\count282
\tikznumberofchildren=\count283
\tikznumberofcurrentchild=\count284
\tikz@fig@count=\count285

(/usr/local/texlive/2024/texmf-dist/tex/generic/pgf/modules/pgfmodulematrix.cod
e.tex
File: pgfmodulematrix.code.tex 2023-01-15 v3.1.10 (3.1.10)
\pgfmatrixcurrentrow=\count286
\pgfmatrixcurrentcolumn=\count287
\pgf@matrix@numberofcolumns=\count288
)
\tikz@expandcount=\count289

(/usr/local/texlive/2024/texmf-dist/tex/generic/pgf/frontendlayer/tikz/librarie
s/tikzlibrarytopaths.code.tex
File: tikzlibrarytopaths.code.tex 2023-01-15 v3.1.10 (3.1.10)
)))
(/usr/local/texlive/2024/texmf-dist/tex/latex/pgfplots/pgfplots.sty
(/usr/local/texlive/2024/texmf-dist/tex/generic/pgfplots/pgfplots.revision.tex)
Package: pgfplots 2021/05/15 v1.18.1 Data Visualization (1.18.1)
(/usr/local/texlive/2024/texmf-dist/tex/generic/pgfplots/pgfplots.code.tex
(/usr/local/texlive/2024/texmf-dist/tex/generic/pgfplots/pgfplotscore.code.tex
\t@pgfplots@toka=\toks34
\t@pgfplots@tokb=\toks35
\t@pgfplots@tokc=\toks36
\pgfplots@tmpa=\dimen258
\c@pgfplots@coordindex=\count290
\c@pgfplots@scanlineindex=\count291

(/usr/local/texlive/2024/texmf-dist/tex/generic/pgfplots/sys/pgfplotssysgeneric
.code.tex))
(/usr/local/texlive/2024/texmf-dist/tex/generic/pgfplots/libs/pgfplotslibrary.c
ode.tex)
(/usr/local/texlive/2024/texmf-dist/tex/generic/pgfplots/oldpgfcompatib/pgfplot
soldpgfsupp_loader.code.tex
(/usr/local/texlive/2024/texmf-dist/tex/generic/pgf/libraries/pgflibraryfpu.cod
e.tex)
Package pgfplots: loading complementary utilities for your pgf version...
\t@pgf@toka=\toks37
\t@pgf@tokb=\toks38
\t@pgf@tokc=\toks39

(/usr/local/texlive/2024/texmf-dist/tex/generic/pgfplots/oldpgfcompatib/pgfplot
soldpgfsupp_pgfutil-common-lists.tex))
(/usr/local/texlive/2024/texmf-dist/tex/generic/pgfplots/util/pgfplotsutil.code
.tex
(/usr/local/texlive/2024/texmf-dist/tex/generic/pgfplots/liststructure/pgfplots
liststructure.code.tex)
(/usr/local/texlive/2024/texmf-dist/tex/generic/pgfplots/liststructure/pgfplots
liststructureext.code.tex)
(/usr/local/texlive/2024/texmf-dist/tex/generic/pgfplots/liststructure/pgfplots
array.code.tex
\c@pgfplotsarray@tmp=\count292
)
(/usr/local/texlive/2024/texmf-dist/tex/generic/pgfplots/liststructure/pgfplots
matrix.code.tex)
(/usr/local/texlive/2024/texmf-dist/tex/generic/pgfplots/numtable/pgfplotstable
shared.code.tex
\c@pgfplotstable@counta=\count293
\t@pgfplotstable@a=\toks40
)
(/usr/local/texlive/2024/texmf-dist/tex/generic/pgfplots/liststructure/pgfplots
deque.code.tex)
(/usr/local/texlive/2024/texmf-dist/tex/generic/pgfplots/util/pgfplotsbinary.co
de.tex
(/usr/local/texlive/2024/texmf-dist/tex/generic/pgfplots/util/pgfplotsbinary.da
ta.code.tex))
(/usr/local/texlive/2024/texmf-dist/tex/generic/pgfplots/util/pgfplotsutil.verb
.code.tex)
(/usr/local/texlive/2024/texmf-dist/tex/generic/pgfplots/libs/pgflibrarypgfplot
s.surfshading.code.tex
\c@pgfplotslibrarysurf@no=\count294

(/usr/local/texlive/2024/texmf-dist/tex/generic/pgfplots/sys/pgflibrarypgfplots
.surfshading.pgfsys-pdftex.def)))
(/usr/local/texlive/2024/texmf-dist/tex/generic/pgfplots/util/pgfplotscolormap.
code.tex
(/usr/local/texlive/2024/texmf-dist/tex/generic/pgfplots/util/pgfplotscolor.cod
e.tex))
(/usr/local/texlive/2024/texmf-dist/tex/generic/pgfplots/pgfplotsstackedplots.c
ode.tex)
(/usr/local/texlive/2024/texmf-dist/tex/generic/pgfplots/pgfplotsplothandlers.c
ode.tex
(/usr/local/texlive/2024/texmf-dist/tex/generic/pgfplots/pgfplotsmeshplothandle
r.code.tex
(/usr/local/texlive/2024/texmf-dist/tex/generic/pgfplots/pgfplotsmeshplotimage.
code.tex)))
(/usr/local/texlive/2024/texmf-dist/tex/generic/pgfplots/pgfplots.scaling.code.
tex)
(/usr/local/texlive/2024/texmf-dist/tex/generic/pgfplots/pgfplotscoordprocessin
g.code.tex)
(/usr/local/texlive/2024/texmf-dist/tex/generic/pgfplots/pgfplots.errorbars.cod
e.tex)
(/usr/local/texlive/2024/texmf-dist/tex/generic/pgfplots/pgfplots.markers.code.
tex)
(/usr/local/texlive/2024/texmf-dist/tex/generic/pgfplots/pgfplotsticks.code.tex
)
(/usr/local/texlive/2024/texmf-dist/tex/generic/pgfplots/pgfplots.paths.code.te
x)
(/usr/local/texlive/2024/texmf-dist/tex/generic/pgf/frontendlayer/tikz/librarie
s/tikzlibrarydecorations.code.tex
(/usr/local/texlive/2024/texmf-dist/tex/generic/pgf/modules/pgfmoduledecoration
s.code.tex
\pgfdecoratedcompleteddistance=\dimen259
\pgfdecoratedremainingdistance=\dimen260
\pgfdecoratedinputsegmentcompleteddistance=\dimen261
\pgfdecoratedinputsegmentremainingdistance=\dimen262
\pgf@decorate@distancetomove=\dimen263
\pgf@decorate@repeatstate=\count295
\pgfdecorationsegmentamplitude=\dimen264
\pgfdecorationsegmentlength=\dimen265
)
\tikz@lib@dec@box=\box62
)
(/usr/local/texlive/2024/texmf-dist/tex/generic/pgf/frontendlayer/tikz/librarie
s/tikzlibrarydecorations.pathmorphing.code.tex
(/usr/local/texlive/2024/texmf-dist/tex/generic/pgf/libraries/decorations/pgfli
brarydecorations.pathmorphing.code.tex))
(/usr/local/texlive/2024/texmf-dist/tex/generic/pgf/frontendlayer/tikz/librarie
s/tikzlibrarydecorations.pathreplacing.code.tex
(/usr/local/texlive/2024/texmf-dist/tex/generic/pgf/libraries/decorations/pgfli
brarydecorations.pathreplacing.code.tex))
(/usr/local/texlive/2024/texmf-dist/tex/generic/pgfplots/libs/tikzlibrarypgfplo
ts.contourlua.code.tex)
\pgfplots@numplots=\count296
\pgfplots@xmin@reg=\dimen266
\pgfplots@xmax@reg=\dimen267
\pgfplots@ymin@reg=\dimen268
\pgfplots@ymax@reg=\dimen269
\pgfplots@zmin@reg=\dimen270
\pgfplots@zmax@reg=\dimen271
)
(/usr/local/texlive/2024/texmf-dist/tex/generic/pgf/frontendlayer/tikz/librarie
s/tikzlibraryplotmarks.code.tex
File: tikzlibraryplotmarks.code.tex 2023-01-15 v3.1.10 (3.1.10)

(/usr/local/texlive/2024/texmf-dist/tex/generic/pgf/libraries/pgflibraryplotmar
ks.code.tex
File: pgflibraryplotmarks.code.tex 2023-01-15 v3.1.10 (3.1.10)
))) (/usr/local/texlive/2024/texmf-dist/tex/latex/tools/array.sty
Package: array 2023/10/16 v2.5g Tabular extension package (FMi)
\col@sep=\dimen272
\ar@mcellbox=\box63
\extrarowheight=\dimen273
\NC@list=\toks41
\extratabsurround=\skip50
\backup@length=\skip51
\ar@cellbox=\box64
)
(/usr/local/texlive/2024/texmf-dist/tex/latex/setspace/setspace.sty
Package: setspace 2022/12/04 v6.7b set line spacing
)
(/usr/local/texlive/2024/texmf-dist/tex/latex/fancyhdr/fancyhdr.sty
Package: fancyhdr 2022/11/09 v4.1 Extensive control of page headers and footers

\f@nch@headwidth=\skip52
\f@nch@O@elh=\skip53
\f@nch@O@erh=\skip54
\f@nch@O@olh=\skip55
\f@nch@O@orh=\skip56
\f@nch@O@elf=\skip57
\f@nch@O@erf=\skip58
\f@nch@O@olf=\skip59
\f@nch@O@orf=\skip60
)
(/usr/local/texlive/2024/texmf-dist/tex/latex/caption/caption.sty
Package: caption 2023/08/05 v3.6o Customizing captions (AR)

(/usr/local/texlive/2024/texmf-dist/tex/latex/caption/caption3.sty
Package: caption3 2023/07/31 v2.4d caption3 kernel (AR)
\caption@tempdima=\dimen274
\captionmargin=\dimen275
\caption@leftmargin=\dimen276
\caption@rightmargin=\dimen277
\caption@width=\dimen278
\caption@indent=\dimen279
\caption@parindent=\dimen280
\caption@hangindent=\dimen281
Package caption Info: Standard document class detected.
)
\c@caption@flags=\count297
\c@continuedfloat=\count298
)
(/usr/local/texlive/2024/texmf-dist/tex/latex/amsmath/amsmath.sty
Package: amsmath 2023/05/13 v2.17o AMS math features
\@mathmargin=\skip61

For additional information on amsmath, use the `?' option.
(/usr/local/texlive/2024/texmf-dist/tex/latex/amsmath/amstext.sty
Package: amstext 2021/08/26 v2.01 AMS text

(/usr/local/texlive/2024/texmf-dist/tex/latex/amsmath/amsgen.sty
File: amsgen.sty 1999/11/30 v2.0 generic functions
\@emptytoks=\toks42
\ex@=\dimen282
))
(/usr/local/texlive/2024/texmf-dist/tex/latex/amsmath/amsbsy.sty
Package: amsbsy 1999/11/29 v1.2d Bold Symbols
\pmbraise@=\dimen283
)
(/usr/local/texlive/2024/texmf-dist/tex/latex/amsmath/amsopn.sty
Package: amsopn 2022/04/08 v2.04 operator names
)
\inf@bad=\count299
LaTeX Info: Redefining \frac on input line 234.
\uproot@=\count300
\leftroot@=\count301
LaTeX Info: Redefining \overline on input line 399.
LaTeX Info: Redefining \colon on input line 410.
\classnum@=\count302
\DOTSCASE@=\count303
LaTeX Info: Redefining \ldots on input line 496.
LaTeX Info: Redefining \dots on input line 499.
LaTeX Info: Redefining \cdots on input line 620.
\Mathstrutbox@=\box65
\strutbox@=\box66
LaTeX Info: Redefining \big on input line 722.
LaTeX Info: Redefining \Big on input line 723.
LaTeX Info: Redefining \bigg on input line 724.
LaTeX Info: Redefining \Bigg on input line 725.
\big@size=\dimen284
LaTeX Font Info:    Redeclaring font encoding OML on input line 743.
LaTeX Font Info:    Redeclaring font encoding OMS on input line 744.
\macc@depth=\count304
LaTeX Info: Redefining \bmod on input line 905.
LaTeX Info: Redefining \pmod on input line 910.
LaTeX Info: Redefining \smash on input line 940.
LaTeX Info: Redefining \relbar on input line 970.
LaTeX Info: Redefining \Relbar on input line 971.
\c@MaxMatrixCols=\count305
\dotsspace@=\muskip16
\c@parentequation=\count306
\dspbrk@lvl=\count307
\tag@help=\toks43
\row@=\count308
\column@=\count309
\maxfields@=\count310
\andhelp@=\toks44
\eqnshift@=\dimen285
\alignsep@=\dimen286
\tagshift@=\dimen287
\tagwidth@=\dimen288
\totwidth@=\dimen289
\lineht@=\dimen290
\@envbody=\toks45
\multlinegap=\skip62
\multlinetaggap=\skip63
\mathdisplay@stack=\toks46
LaTeX Info: Redefining \[ on input line 2953.
LaTeX Info: Redefining \] on input line 2954.
)
(/usr/local/texlive/2024/texmf-dist/tex/latex/tocloft/tocloft.sty
Package: tocloft 2017/08/31 v2.3i parameterised ToC, etc., typesetting
Package tocloft Info: The document has chapter divisions on input line 51.
\cftparskip=\skip64
\cftbeforetoctitleskip=\skip65
\cftaftertoctitleskip=\skip66
\cftbeforepartskip=\skip67
\cftpartnumwidth=\skip68
\cftpartindent=\skip69
\cftbeforechapskip=\skip70
\cftchapindent=\skip71
\cftchapnumwidth=\skip72
\cftbeforesecskip=\skip73
\cftsecindent=\skip74
\cftsecnumwidth=\skip75
\cftbeforesubsecskip=\skip76
\cftsubsecindent=\skip77
\cftsubsecnumwidth=\skip78
\cftbeforesubsubsecskip=\skip79
\cftsubsubsecindent=\skip80
\cftsubsubsecnumwidth=\skip81
\cftbeforeparaskip=\skip82
\cftparaindent=\skip83
\cftparanumwidth=\skip84
\cftbeforesubparaskip=\skip85
\cftsubparaindent=\skip86
\cftsubparanumwidth=\skip87
\cftbeforeloftitleskip=\skip88
\cftafterloftitleskip=\skip89
\cftbeforefigskip=\skip90
\cftfigindent=\skip91
\cftfignumwidth=\skip92
\c@lofdepth=\count311
\c@lotdepth=\count312
\cftbeforelottitleskip=\skip93
\cftafterlottitleskip=\skip94
\cftbeforetabskip=\skip95
\cfttabindent=\skip96
\cfttabnumwidth=\skip97
)
(/usr/local/texlive/2024/texmf-dist/tex/latex/graphics/rotating.sty
Package: rotating 2016/08/11 v2.16d rotated objects in LaTeX

(/usr/local/texlive/2024/texmf-dist/tex/latex/base/ifthen.sty
Package: ifthen 2022/04/13 v1.1d Standard LaTeX ifthen package (DPC)
)
\c@r@tfl@t=\count313
\rotFPtop=\skip98
\rotFPbot=\skip99
\rot@float@box=\box67
\rot@mess@toks=\toks47
)
(/usr/local/texlive/2024/texmf-dist/tex/latex/float/float.sty
Package: float 2001/11/08 v1.3d Float enhancements (AL)
\c@float@type=\count314
\float@exts=\toks48
\float@box=\box68
\@float@everytoks=\toks49
\@floatcapt=\box69
)

./main.tex:29: LaTeX Error: Two \documentclass or \documentstyle commands.

See the LaTeX manual or LaTeX Companion for explanation.
Type  H <return>  for immediate help.
 ...                                              
                                                  
l.29 \documentclass{
                    article}
The document may only declare one class.

(/usr/local/texlive/2024/texmf-dist/tex/latex/tools/tabularx.sty
Package: tabularx 2023/07/08 v2.11c `tabularx' package (DPC)
\TX@col@width=\dimen291
\TX@old@table=\dimen292
\TX@old@col=\dimen293
\TX@target=\dimen294
\TX@delta=\dimen295
\TX@cols=\count315
\TX@ftn=\toks50
)
\c@myequations=\count316
\cftbeforemyequationsskip=\skip100
\cftmyequationsindent=\skip101
\cftmyequationsnumwidth=\skip102
\c@equdepth=\count317
\cftbeforeequtitleskip=\skip103
\cftafterequtitleskip=\skip104


./main.tex:71: LaTeX Error: Command \listofmyequations already defined.
               Or name \end... illegal, see p.192 of the manual.

See the LaTeX manual or LaTeX Companion for explanation.
Type  H <return>  for immediate help.
 ...                                              
                                                  
l.71 }
      
Your command was ignored.
Type  I <command> <return>  to replace it with another command,
or  <return>  to continue without it.

(/usr/local/texlive/2024/texmf-dist/tex/latex/biblatex/biblatex.sty
Package: biblatex 2023/03/05 v3.19 programmable bibliographies (PK/MW)

(/usr/local/texlive/2024/texmf-dist/tex/generic/pdftexcmds/pdftexcmds.sty
Package: pdftexcmds 2020-06-27 v0.33 Utility functions of pdfTeX for LuaTeX (HO
)

(/usr/local/texlive/2024/texmf-dist/tex/generic/infwarerr/infwarerr.sty
Package: infwarerr 2019/12/03 v1.5 Providing info/warning/error messages (HO)
)
(/usr/local/texlive/2024/texmf-dist/tex/generic/ltxcmds/ltxcmds.sty
Package: ltxcmds 2023-12-04 v1.26 LaTeX kernel commands for general use (HO)
)
Package pdftexcmds Info: \pdf@primitive is available.
Package pdftexcmds Info: \pdf@ifprimitive is available.
Package pdftexcmds Info: \pdfdraftmode found.
)
(/usr/local/texlive/2024/texmf-dist/tex/latex/etoolbox/etoolbox.sty
Package: etoolbox 2020/10/05 v2.5k e-TeX tools for LaTeX (JAW)
\etb@tempcnta=\count318
)
(/usr/local/texlive/2024/texmf-dist/tex/latex/kvoptions/kvoptions.sty
Package: kvoptions 2022-06-15 v3.15 Key value format for package options (HO)

(/usr/local/texlive/2024/texmf-dist/tex/latex/kvsetkeys/kvsetkeys.sty
Package: kvsetkeys 2022-10-05 v1.19 Key value parser (HO)
))
(/usr/local/texlive/2024/texmf-dist/tex/latex/logreq/logreq.sty
Package: logreq 2010/08/04 v1.0 xml request logger
\lrq@indent=\count319

(/usr/local/texlive/2024/texmf-dist/tex/latex/logreq/logreq.def
File: logreq.def 2010/08/04 v1.0 logreq spec v1.0
))
(/usr/local/texlive/2024/texmf-dist/tex/latex/url/url.sty
\Urlmuskip=\muskip17
Package: url 2013/09/16  ver 3.4  Verb mode for urls, etc.
)
\c@tabx@nest=\count320
\c@listtotal=\count321
\c@listcount=\count322
\c@liststart=\count323
\c@liststop=\count324
\c@citecount=\count325
\c@citetotal=\count326
\c@multicitecount=\count327
\c@multicitetotal=\count328
\c@instcount=\count329
\c@maxnames=\count330
\c@minnames=\count331
\c@maxitems=\count332
\c@minitems=\count333
\c@citecounter=\count334
\c@maxcitecounter=\count335
\c@savedcitecounter=\count336
\c@uniquelist=\count337
\c@uniquename=\count338
\c@refsection=\count339
\c@refsegment=\count340
\c@maxextratitle=\count341
\c@maxextratitleyear=\count342
\c@maxextraname=\count343
\c@maxextradate=\count344
\c@maxextraalpha=\count345
\c@abbrvpenalty=\count346
\c@highnamepenalty=\count347
\c@lownamepenalty=\count348
\c@maxparens=\count349
\c@parenlevel=\count350
\blx@tempcnta=\count351
\blx@tempcntb=\count352
\blx@tempcntc=\count353
\c@blx@maxsection=\count354
\blx@maxsegment@0=\count355
\blx@notetype=\count356
\blx@parenlevel@text=\count357
\blx@parenlevel@foot=\count358
\blx@sectionciteorder@0=\count359
\blx@sectionciteorderinternal@0=\count360
\blx@entrysetcounter=\count361
\blx@biblioinstance=\count362
\labelnumberwidth=\skip105
\labelalphawidth=\skip106
\biblabelsep=\skip107
\bibitemsep=\skip108
\bibnamesep=\skip109
\bibinitsep=\skip110
\bibparsep=\skip111
\bibhang=\skip112
\blx@bcfin=\read4
\blx@bcfout=\write4
\blx@langwohyphens=\language90
\c@mincomprange=\count363
\c@maxcomprange=\count364
\c@mincompwidth=\count365
Package biblatex Info: Trying to load biblatex default data model...
Package biblatex Info: ... file 'blx-dm.def' found.

(/usr/local/texlive/2024/texmf-dist/tex/latex/biblatex/blx-dm.def
File: blx-dm.def 2023/03/05 v3.19 biblatex localization (PK/MW)
)
Package biblatex Info: Trying to load biblatex style data model...
Package biblatex Info: ... file 'numeric.dbx' not found.
Package biblatex Info: Trying to load biblatex custom data model...
Package biblatex Info: ... file 'biblatex-dm.cfg' not found.
\c@afterword=\count366
\c@savedafterword=\count367
\c@annotator=\count368
\c@savedannotator=\count369
\c@author=\count370
\c@savedauthor=\count371
\c@bookauthor=\count372
\c@savedbookauthor=\count373
\c@commentator=\count374
\c@savedcommentator=\count375
\c@editor=\count376
\c@savededitor=\count377
\c@editora=\count378
\c@savededitora=\count379
\c@editorb=\count380
\c@savededitorb=\count381
\c@editorc=\count382
\c@savededitorc=\count383
\c@foreword=\count384
\c@savedforeword=\count385
\c@holder=\count386
\c@savedholder=\count387
\c@introduction=\count388
\c@savedintroduction=\count389
\c@namea=\count390
\c@savednamea=\count391
\c@nameb=\count392
\c@savednameb=\count393
\c@namec=\count394
\c@savednamec=\count395
\c@translator=\count396
\c@savedtranslator=\count397
\c@shortauthor=\count398
\c@savedshortauthor=\count399
\c@shorteditor=\count400
\c@savedshorteditor=\count401
\c@labelname=\count402
\c@savedlabelname=\count403
\c@institution=\count404
\c@savedinstitution=\count405
\c@lista=\count406
\c@savedlista=\count407
\c@listb=\count408
\c@savedlistb=\count409
\c@listc=\count410
\c@savedlistc=\count411
\c@listd=\count412
\c@savedlistd=\count413
\c@liste=\count414
\c@savedliste=\count415
\c@listf=\count416
\c@savedlistf=\count417
\c@location=\count418
\c@savedlocation=\count419
\c@organization=\count420
\c@savedorganization=\count421
\c@origlocation=\count422
\c@savedoriglocation=\count423
\c@origpublisher=\count424
\c@savedorigpublisher=\count425
\c@publisher=\count426
\c@savedpublisher=\count427
\c@language=\count428
\c@savedlanguage=\count429
\c@origlanguage=\count430
\c@savedoriglanguage=\count431
\c@pageref=\count432
\c@savedpageref=\count433
\shorthandwidth=\skip113
\shortjournalwidth=\skip114
\shortserieswidth=\skip115
\shorttitlewidth=\skip116
\shortauthorwidth=\skip117
\shorteditorwidth=\skip118
\locallabelnumberwidth=\skip119
\locallabelalphawidth=\skip120
\localshorthandwidth=\skip121
\localshortjournalwidth=\skip122
\localshortserieswidth=\skip123
\localshorttitlewidth=\skip124
\localshortauthorwidth=\skip125
\localshorteditorwidth=\skip126
Package biblatex Info: Trying to load compatibility code...
Package biblatex Info: ... file 'blx-compat.def' found.

(/usr/local/texlive/2024/texmf-dist/tex/latex/biblatex/blx-compat.def
File: blx-compat.def 2023/03/05 v3.19 biblatex compatibility (PK/MW)
)
Package biblatex Info: Trying to load generic definitions...
Package biblatex Info: ... file 'biblatex.def' found.

(/usr/local/texlive/2024/texmf-dist/tex/latex/biblatex/biblatex.def
File: biblatex.def 2023/03/05 v3.19 biblatex compatibility (PK/MW)
\c@textcitecount=\count434
\c@textcitetotal=\count435
\c@textcitemaxnames=\count436
\c@biburlbigbreakpenalty=\count437
\c@biburlbreakpenalty=\count438
\c@biburlnumpenalty=\count439
\c@biburlucpenalty=\count440
\c@biburllcpenalty=\count441
\biburlbigskip=\muskip18
\biburlnumskip=\muskip19
\biburlucskip=\muskip20
\biburllcskip=\muskip21
\c@smartand=\count442
)
Package biblatex Info: Trying to load bibliography style 'numeric'...
Package biblatex Info: ... file 'numeric.bbx' found.

(/usr/local/texlive/2024/texmf-dist/tex/latex/biblatex/bbx/numeric.bbx
File: numeric.bbx 2023/03/05 v3.19 biblatex bibliography style (PK/MW)
Package biblatex Info: Trying to load bibliography style 'standard'...
Package biblatex Info: ... file 'standard.bbx' found.

(/usr/local/texlive/2024/texmf-dist/tex/latex/biblatex/bbx/standard.bbx
File: standard.bbx 2023/03/05 v3.19 biblatex bibliography style (PK/MW)
\c@bbx:relatedcount=\count443
\c@bbx:relatedtotal=\count444
))
Package biblatex Info: Trying to load citation style 'numeric'...
Package biblatex Info: ... file 'numeric.cbx' found.

(/usr/local/texlive/2024/texmf-dist/tex/latex/biblatex/cbx/numeric.cbx
File: numeric.cbx 2023/03/05 v3.19 biblatex citation style (PK/MW)
Package biblatex Info: Redefining '\cite'.
Package biblatex Info: Redefining '\parencite'.
Package biblatex Info: Redefining '\footcite'.
Package biblatex Info: Redefining '\footcitetext'.
Package biblatex Info: Redefining '\smartcite'.
Package biblatex Info: Redefining '\supercite'.
Package biblatex Info: Redefining '\textcite'.
Package biblatex Info: Redefining '\textcites'.
Package biblatex Info: Redefining '\cites'.
Package biblatex Info: Redefining '\parencites'.
Package biblatex Info: Redefining '\smartcites'.
)
Package biblatex Info: Trying to load configuration file...
Package biblatex Info: ... file 'biblatex.cfg' found.

(/usr/local/texlive/2024/texmf-dist/tex/latex/biblatex/biblatex.cfg
File: biblatex.cfg 
)
Package biblatex Info: Input encoding 'utf8' detected.
Package biblatex Info: Document encoding is UTF8 ....

(/usr/local/texlive/2024/texmf-dist/tex/latex/l3kernel/expl3.sty
Package: expl3 2024-02-20 L3 programming layer (loader) 

(/usr/local/texlive/2024/texmf-dist/tex/latex/l3backend/l3backend-pdftex.def
File: l3backend-pdftex.def 2024-02-20 L3 backend support: PDF output (pdfTeX)
\l__color_backend_stack_int=\count445
\l__pdf_internal_box=\box70
))
Package biblatex Info: ... and expl3
(biblatex)             2024-02-20 L3 programming layer (loader) 
(biblatex)             is new enough (at least 2020/04/06),
(biblatex)             setting 'casechanger=expl3'.

(/usr/local/texlive/2024/texmf-dist/tex/latex/biblatex/blx-case-expl3.sty
(/usr/local/texlive/2024/texmf-dist/tex/latex/l3packages/xparse/xparse.sty
Package: xparse 2024-02-18 L3 Experimental document command parser
)
Package: blx-case-expl3 2023/03/05 v3.19 expl3 case changing code for biblatex
))

Package biblatex Warning: 'babel/polyglossia' detected but 'csquotes' missing.
(biblatex)                Loading 'csquotes' recommended.

\@quotelevel=\count446
\@quotereset=\count447
(/Users/josedanielalvarezramos/Documents/CAPITULOS/out/main.aux
(/Users/josedanielalvarezramos/Documents/CAPITULOS/out/CAPITULOS/PORTADA/portad
a.aux)
LaTeX Info: Redefining \. on input line 10.
LaTeX Info: Redefining \% on input line 10.

(/Users/josedanielalvarezramos/Documents/CAPITULOS/out/CAPITULOS/capitulo1/capi
tulo1.aux)
(/Users/josedanielalvarezramos/Documents/CAPITULOS/out/CAPITULOS/capitulo2/capi
tulo2.aux)
(/Users/josedanielalvarezramos/Documents/CAPITULOS/out/CAPITULOS/capitulo3/capi
tulo3.aux)
(/Users/josedanielalvarezramos/Documents/CAPITULOS/out/CAPITULOS/capitulo4/capi
tulo4.aux))
\openout1 = `main.aux'.

LaTeX Font Info:    Checking defaults for OML/cmm/m/it on input line 77.
LaTeX Font Info:    ... okay on input line 77.
LaTeX Font Info:    Checking defaults for OMS/cmsy/m/n on input line 77.
LaTeX Font Info:    ... okay on input line 77.
LaTeX Font Info:    Checking defaults for OT1/cmr/m/n on input line 77.
LaTeX Font Info:    ... okay on input line 77.
LaTeX Font Info:    Checking defaults for T1/cmr/m/n on input line 77.
LaTeX Font Info:    ... okay on input line 77.
LaTeX Font Info:    Checking defaults for TS1/cmr/m/n on input line 77.
LaTeX Font Info:    ... okay on input line 77.
LaTeX Font Info:    Checking defaults for OMX/cmex/m/n on input line 77.
LaTeX Font Info:    ... okay on input line 77.
LaTeX Font Info:    Checking defaults for U/cmr/m/n on input line 77.
LaTeX Font Info:    ... okay on input line 77.
LaTeX Info: Redefining \. on input line 77.
LaTeX Info: Redefining \% on input line 77.

*geometry* driver: auto-detecting
*geometry* detected driver: pdftex

Package geometry Warning: The marginal notes overrun the paper.
     Add 46.64174pt and more to the right margin.

*geometry* verbose mode - [ preamble ] result:
* driver: pdftex
* paper: <default>
* layout: <same size as paper>
* layoutoffset:(h,v)=(0.0pt,0.0pt)
* modes: twoside 
* h-part:(L,W,R)=(85.35826pt, 443.57848pt, 85.35826pt)
* v-part:(T,H,B)=(71.13188pt, 652.70622pt, 71.13188pt)
* \paperwidth=614.295pt
* \paperheight=794.96999pt
* \textwidth=443.57848pt
* \textheight=652.70622pt
* \oddsidemargin=13.08827pt
* \evensidemargin=13.08827pt
* \topmargin=-31.2056pt
* \headheight=12.0pt
* \headsep=18.06749pt
* \topskip=10.0pt
* \footskip=25.29494pt
* \marginparwidth=125.0pt
* \marginparsep=7.0pt
* \columnsep=10.0pt
* \skip\footins=9.0pt plus 4.0pt minus 2.0pt
* \hoffset=0.0pt
* \voffset=0.0pt
* \mag=1000
* \@twocolumnfalse
* \@twosidetrue
* \@mparswitchtrue
* \@reversemarginfalse
* (1in=72.27pt=25.4mm, 1cm=28.453pt)

(/usr/local/texlive/2024/texmf-dist/tex/context/base/mkii/supp-pdf.mkii
[Loading MPS to PDF converter (version 2006.09.02).]
\scratchcounter=\count448
\scratchdimen=\dimen296
\scratchbox=\box71
\nofMPsegments=\count449
\nofMParguments=\count450
\everyMPshowfont=\toks51
\MPscratchCnt=\count451
\MPscratchDim=\dimen297
\MPnumerator=\count452
\makeMPintoPDFobject=\count453
\everyMPtoPDFconversion=\toks52
) (/usr/local/texlive/2024/texmf-dist/tex/latex/epstopdf-pkg/epstopdf-base.sty
Package: epstopdf-base 2020-01-24 v2.11 Base part for package epstopdf
Package epstopdf-base Info: Redefining graphics rule for `.eps' on input line 4
85.

(/usr/local/texlive/2024/texmf-dist/tex/latex/latexconfig/epstopdf-sys.cfg
File: epstopdf-sys.cfg 2010/07/13 v1.3 Configuration of (r)epstopdf for TeX Liv
e
))
Package pgfplots notification 'compat/show suggested version=true': document ha
s been generated with the most recent feature set (\pgfplotsset{compat=1.18}).

Package caption Info: Begin \AtBeginDocument code.
Package caption Info: float package is loaded.
Package caption Info: rotating package is loaded.
Package caption Info: End \AtBeginDocument code.
Package biblatex Info: Trying to load language 'spanish'...
Package biblatex Info: ... file 'spanish.lbx' found.
(/usr/local/texlive/2024/texmf-dist/tex/latex/biblatex/lbx/spanish.lbx
File: spanish.lbx 2023/03/05 v3.19 biblatex localization (PK/MW)
)
Package biblatex Info: Input encoding 'utf8' detected.
Package biblatex Info: Automatic encoding selection.
(biblatex)             Assuming data encoding 'utf8'.
\openout4 = `main.bcf'.

Package biblatex Info: Trying to load bibliographic data...
Package biblatex Info: ... file 'main.bbl' found.

(/Users/josedanielalvarezramos/Documents/CAPITULOS/out/main.bbl

Package biblatex Warning: The following entry could not be found
(biblatex)                in the database:
(biblatex)                29
(biblatex)                Please verify the spelling and rerun
(biblatex)                LaTeX afterwards.

)
Package biblatex Info: Reference section=0 on input line 77.
Package biblatex Info: Reference segment=0 on input line 77.
\openout2 = `CAPITULOS/PORTADA/portada.aux'.

 (./CAPITULOS/PORTADA/portada.tex
<CAPITULOS/PORTADA/ipn.png, id=4, 63.072pt x 93.294pt>
File: CAPITULOS/PORTADA/ipn.png Graphic file (type png)
<use CAPITULOS/PORTADA/ipn.png>
Package pdftex.def Info: CAPITULOS/PORTADA/ipn.png  used on input line 11.
(pdftex.def)             Requested size: 50.45766pt x 74.63528pt.

Overfull \hbox (14.97058pt too wide) in paragraph at lines 11--11
 []
 []

<CAPITULOS/PORTADA/barra2.jpg, id=5, 35.13126pt x 309.65688pt>
File: CAPITULOS/PORTADA/barra2.jpg Graphic file (type jpg)
<use CAPITULOS/PORTADA/barra2.jpg>
Package pdftex.def Info: CAPITULOS/PORTADA/barra2.jpg  used on input line 12.
(pdftex.def)             Requested size: 52.69672pt x 464.48416pt.

Overfull \hbox (17.20964pt too wide) in paragraph at lines 12--12
 [][]
 []

<CAPITULOS/PORTADA/upiita.jpeg, id=6, 235.88126pt x 215.80624pt>
File: CAPITULOS/PORTADA/upiita.jpeg Graphic file (type jpg)
<use CAPITULOS/PORTADA/upiita.jpeg>
Package pdftex.def Info: CAPITULOS/PORTADA/upiita.jpeg  used on input line 13.
(pdftex.def)             Requested size: 70.76491pt x 64.74237pt.

Overfull \hbox (35.27783pt too wide) in paragraph at lines 13--14
 [][]
 []


Overfull \vbox (15.33614pt too high) detected at line 15
 []


Underfull \vbox (badness 10000) detected at line 29
 []

[1


{/usr/local/texlive/2024/texmf-var/fonts/map/pdftex/updmap/pdftex.map}{/usr/loc
al/texlive/2024/texmf-dist/fonts/enc/dvips/cm-super/cm-super-t1.enc} <./CAPITUL
OS/PORTADA/ipn.png> <./CAPITULOS/PORTADA/barra2.jpg> <./CAPITULOS/PORTADA/upiit
a.jpeg>]) (/Users/josedanielalvarezramos/Documents/CAPITULOS/out/main.toc
LaTeX Info: Redefining \sptext on input line 1.
LaTeX Info: Redefining \. on input line 1.
LaTeX Info: Redefining \% on input line 1.

[2


])
\tf@toc=\write5
\openout5 = `main.toc'.

 [3] (/Users/josedanielalvarezramos/Documents/CAPITULOS/out/main.lof
LaTeX Info: Redefining \sptext on input line 1.
LaTeX Info: Redefining \. on input line 1.
LaTeX Info: Redefining \% on input line 1.
)
\tf@lof=\write6
\openout6 = `main.lof'.


[4] (/Users/josedanielalvarezramos/Documents/CAPITULOS/out/main.lot
LaTeX Info: Redefining \sptext on input line 1.
LaTeX Info: Redefining \. on input line 1.
LaTeX Info: Redefining \% on input line 1.
)
\tf@lot=\write7
\openout7 = `main.lot'.

 [5]
(/Users/josedanielalvarezramos/Documents/CAPITULOS/out/main.equ)
\tf@equ=\write8
\openout8 = `main.equ'.

 [6] [7

]
[8

]
\openout2 = `CAPITULOS/capitulo1/capitulo1.aux'.

 (./CAPITULOS/capitulo1/capitulo1.tex
Cap\'{\i }tulo 1.
[9


] [10

]
<CAPITULOS/capitulo1/digramacap1.png, id=51, 3854.4pt x 1193.45876pt>
File: CAPITULOS/capitulo1/digramacap1.png Graphic file (type png)
<use CAPITULOS/capitulo1/digramacap1.png>
Package pdftex.def Info: CAPITULOS/capitulo1/digramacap1.png  used on input lin
e 61.
(pdftex.def)             Requested size: 655.23935pt x 202.8853pt.


LaTeX Warning: Float too large for page by 23.53313pt on input line 66.


LaTeX Warning: `h' float specifier changed to `ht'.

[11

] [12 <./CAPITULOS/capitulo1/digramacap1.png>] [13

]
<CAPITULOS/capitulo1/scrum.png, id=66, 1606.0pt x 963.6pt>
File: CAPITULOS/capitulo1/scrum.png Graphic file (type png)
<use CAPITULOS/capitulo1/scrum.png>
Package pdftex.def Info: CAPITULOS/capitulo1/scrum.png  used on input line 118.

(pdftex.def)             Requested size: 273.01639pt x 163.80983pt.
 [14 <./CAPITULOS/capitulo1/scrum.png>]) [15

]
\openout2 = `CAPITULOS/capitulo2/capitulo2.aux'.

 (./CAPITULOS/capitulo2/capitulo2.tex
Cap\'{\i }tulo 2.

Overfull \hbox (0.56715pt too wide) in paragraph at lines 22--23
[]\T1/cmr/bx/n/10 running_mode: \T1/cmr/m/n/10 Es-ta-ble-ce el mo-do de eje-cu-
ción (IMA-GE, VI-DEO, LI-VE_STREAM). 
 []

[16




{/usr/local/texlive/2024/texmf-dist/fonts/enc/dvips/cm-super/cm-super-ts1.enc}]
<CAPITULOS/capitulo2/hand-landmarks.png, id=77, 1077.02374pt x 373.395pt>
File: CAPITULOS/capitulo2/hand-landmarks.png Graphic file (type png)
<use CAPITULOS/capitulo2/hand-landmarks.png>
Package pdftex.def Info: CAPITULOS/capitulo2/hand-landmarks.png  used on input 
line 47.
(pdftex.def)             Requested size: 430.80186pt x 149.35535pt.
 [17 <./CAPITULOS/capitulo2/hand-landmarks.png>] [18]

./CAPITULOS/capitulo2/capitulo2.tex:106: LaTeX Error: No counter 'equ' defined.


See the LaTeX manual or LaTeX Companion for explanation.
Type  H <return>  for immediate help.
 ...                                              
                                                  
l.106 }
       
Your command was ignored.
Type  I <command> <return>  to replace it with another command,
or  <return>  to continue without it.


./CAPITULOS/capitulo2/capitulo2.tex:106: LaTeX Error: Bad math environment deli
miter.

See the LaTeX manual or LaTeX Companion for explanation.
Type  H <return>  for immediate help.
 ...                                              
                                                  
l.106 }
       
Your command was ignored.
Type  I <command> <return>  to replace it with another command,
or  <return>  to continue without it.

./CAPITULOS/capitulo2/capitulo2.tex:106: Missing \endgroup inserted.
<inserted text> 
                \endgroup 
l.106 }
       
I've inserted something that you may have forgotten.
(See the <inserted text> above.)
With luck, this will get me unwedged. But if you
really didn't forget anything, try typing `2' now; then
my insertion and my current dilemma will both disappear.


./CAPITULOS/capitulo2/capitulo2.tex:106: LaTeX Error: Bad math environment deli
miter.

See the LaTeX manual or LaTeX Companion for explanation.
Type  H <return>  for immediate help.
 ...                                              
                                                  
l.106 }
       
Your command was ignored.
Type  I <command> <return>  to replace it with another command,
or  <return>  to continue without it.


./CAPITULOS/capitulo2/capitulo2.tex:106: LaTeX Error: \begin{document} ended by
 \end{equation}.

See the LaTeX manual or LaTeX Companion for explanation.
Type  H <return>  for immediate help.
 ...                                              
                                                  
l.106 }
       
Your command was ignored.
Type  I <command> <return>  to replace it with another command,
or  <return>  to continue without it.

./CAPITULOS/capitulo2/capitulo2.tex:106: Missing $ inserted.
<inserted text> 
                $
l.106 }
       
I've inserted something that you may have forgotten.
(See the <inserted text> above.)
With luck, this will get me unwedged. But if you
really didn't forget anything, try typing `2' now; then
my insertion and my current dilemma will both disappear.

./CAPITULOS/capitulo2/capitulo2.tex:106: Display math should end with $$.
<to be read again> 
                   \endgroup 
l.106 }
       
The `$' that I just saw supposedly matches a previous `$$'.
So I shall assume that you typed `$$' both times.

./CAPITULOS/capitulo2/capitulo2.tex:106: Extra \endgroup.
<recently read> \endgroup 
                          
l.106 }
       
Things are pretty mixed up, but I think the worst is over.


./CAPITULOS/capitulo2/capitulo2.tex:130: LaTeX Error: No counter 'equ' defined.


See the LaTeX manual or LaTeX Companion for explanation.
Type  H <return>  for immediate help.
 ...                                              
                                                  
l.130 }
       
Your command was ignored.
Type  I <command> <return>  to replace it with another command,
or  <return>  to continue without it.


./CAPITULOS/capitulo2/capitulo2.tex:130: LaTeX Error: Bad math environment deli
miter.

See the LaTeX manual or LaTeX Companion for explanation.
Type  H <return>  for immediate help.
 ...                                              
                                                  
l.130 }
       
Your command was ignored.
Type  I <command> <return>  to replace it with another command,
or  <return>  to continue without it.

./CAPITULOS/capitulo2/capitulo2.tex:130: Missing \endgroup inserted.
<inserted text> 
                \endgroup 
l.130 }
       
I've inserted something that you may have forgotten.
(See the <inserted text> above.)
With luck, this will get me unwedged. But if you
really didn't forget anything, try typing `2' now; then
my insertion and my current dilemma will both disappear.


./CAPITULOS/capitulo2/capitulo2.tex:130: LaTeX Error: Bad math environment deli
miter.

See the LaTeX manual or LaTeX Companion for explanation.
Type  H <return>  for immediate help.
 ...                                              
                                                  
l.130 }
       
Your command was ignored.
Type  I <command> <return>  to replace it with another command,
or  <return>  to continue without it.


./CAPITULOS/capitulo2/capitulo2.tex:130: LaTeX Error: \begin{document} ended by
 \end{equation}.

See the LaTeX manual or LaTeX Companion for explanation.
Type  H <return>  for immediate help.
 ...                                              
                                                  
l.130 }
       
Your command was ignored.
Type  I <command> <return>  to replace it with another command,
or  <return>  to continue without it.

./CAPITULOS/capitulo2/capitulo2.tex:130: Missing $ inserted.
<inserted text> 
                $
l.130 }
       
I've inserted something that you may have forgotten.
(See the <inserted text> above.)
With luck, this will get me unwedged. But if you
really didn't forget anything, try typing `2' now; then
my insertion and my current dilemma will both disappear.

./CAPITULOS/capitulo2/capitulo2.tex:130: Display math should end with $$.
<to be read again> 
                   \endgroup 
l.130 }
       
The `$' that I just saw supposedly matches a previous `$$'.
So I shall assume that you typed `$$' both times.

./CAPITULOS/capitulo2/capitulo2.tex:130: Extra \endgroup.
<recently read> \endgroup 
                          
l.130 }
       
Things are pretty mixed up, but I think the worst is over.


./CAPITULOS/capitulo2/capitulo2.tex:145: LaTeX Error: No counter 'equ' defined.


See the LaTeX manual or LaTeX Companion for explanation.
Type  H <return>  for immediate help.
 ...                                              
                                                  
l.145 }
       
Your command was ignored.
Type  I <command> <return>  to replace it with another command,
or  <return>  to continue without it.


./CAPITULOS/capitulo2/capitulo2.tex:145: LaTeX Error: Bad math environment deli
miter.

See the LaTeX manual or LaTeX Companion for explanation.
Type  H <return>  for immediate help.
 ...                                              
                                                  
l.145 }
       
Your command was ignored.
Type  I <command> <return>  to replace it with another command,
or  <return>  to continue without it.

./CAPITULOS/capitulo2/capitulo2.tex:145: Missing \endgroup inserted.
<inserted text> 
                \endgroup 
l.145 }
       
I've inserted something that you may have forgotten.
(See the <inserted text> above.)
With luck, this will get me unwedged. But if you
really didn't forget anything, try typing `2' now; then
my insertion and my current dilemma will both disappear.

[19]

./CAPITULOS/capitulo2/capitulo2.tex:145: LaTeX Error: Bad math environment deli
miter.

See the LaTeX manual or LaTeX Companion for explanation.
Type  H <return>  for immediate help.
 ...                                              
                                                  
l.145 }
       
Your command was ignored.
Type  I <command> <return>  to replace it with another command,
or  <return>  to continue without it.


./CAPITULOS/capitulo2/capitulo2.tex:145: LaTeX Error: \begin{document} ended by
 \end{equation}.

See the LaTeX manual or LaTeX Companion for explanation.
Type  H <return>  for immediate help.
 ...                                              
                                                  
l.145 }
       
Your command was ignored.
Type  I <command> <return>  to replace it with another command,
or  <return>  to continue without it.

./CAPITULOS/capitulo2/capitulo2.tex:145: Missing $ inserted.
<inserted text> 
                $
l.145 }
       
I've inserted something that you may have forgotten.
(See the <inserted text> above.)
With luck, this will get me unwedged. But if you
really didn't forget anything, try typing `2' now; then
my insertion and my current dilemma will both disappear.

./CAPITULOS/capitulo2/capitulo2.tex:145: Display math should end with $$.
<to be read again> 
                   \endgroup 
l.145 }
       
The `$' that I just saw supposedly matches a previous `$$'.
So I shall assume that you typed `$$' both times.

./CAPITULOS/capitulo2/capitulo2.tex:145: Extra \endgroup.
<recently read> \endgroup 
                          
l.145 }
       
Things are pretty mixed up, but I think the worst is over.

<CAPITULOS/capitulo2/imagenpresentacion.png, id=93, 852.129pt x 356.313pt>
File: CAPITULOS/capitulo2/imagenpresentacion.png Graphic file (type png)
<use CAPITULOS/capitulo2/imagenpresentacion.png>
Package pdftex.def Info: CAPITULOS/capitulo2/imagenpresentacion.png  used on in
put line 158.
(pdftex.def)             Requested size: 399.21791pt x 166.92888pt.
[20 <./CAPITULOS/capitulo2/imagenpresentacion.png>] [21]

./CAPITULOS/capitulo2/capitulo2.tex:248: LaTeX Error: No counter 'equ' defined.


See the LaTeX manual or LaTeX Companion for explanation.
Type  H <return>  for immediate help.
 ...                                              
                                                  
l.248 }
       
Your command was ignored.
Type  I <command> <return>  to replace it with another command,
or  <return>  to continue without it.


./CAPITULOS/capitulo2/capitulo2.tex:282: LaTeX Error: No counter 'equ' defined.


See the LaTeX manual or LaTeX Companion for explanation.
Type  H <return>  for immediate help.
 ...                                              
                                                  
l.282 }
       
Your command was ignored.
Type  I <command> <return>  to replace it with another command,
or  <return>  to continue without it.


Underfull \vbox (badness 1348) has occurred while \output is active []

 [22]

./CAPITULOS/capitulo2/capitulo2.tex:288: LaTeX Error: No counter 'equ' defined.


See the LaTeX manual or LaTeX Companion for explanation.
Type  H <return>  for immediate help.
 ...                                              
                                                  
l.288 }
       
Your command was ignored.
Type  I <command> <return>  to replace it with another command,
or  <return>  to continue without it.


./CAPITULOS/capitulo2/capitulo2.tex:322: LaTeX Error: No counter 'equ' defined.


See the LaTeX manual or LaTeX Companion for explanation.
Type  H <return>  for immediate help.
 ...                                              
                                                  
l.322 }
       
Your command was ignored.
Type  I <command> <return>  to replace it with another command,
or  <return>  to continue without it.


Underfull \vbox (badness 2384) has occurred while \output is active []

 [23]

./CAPITULOS/capitulo2/capitulo2.tex:355: LaTeX Error: No counter 'equ' defined.


See the LaTeX manual or LaTeX Companion for explanation.
Type  H <return>  for immediate help.
 ...                                              
                                                  
l.355 }
       
Your command was ignored.
Type  I <command> <return>  to replace it with another command,
or  <return>  to continue without it.


Underfull \vbox (badness 10000) has occurred while \output is active []

 [24]

./CAPITULOS/capitulo2/capitulo2.tex:392: LaTeX Error: No counter 'equ' defined.


See the LaTeX manual or LaTeX Companion for explanation.
Type  H <return>  for immediate help.
 ...                                              
                                                  
l.392 }
       
Your command was ignored.
Type  I <command> <return>  to replace it with another command,
or  <return>  to continue without it.

) [25]
\openout2 = `CAPITULOS/capitulo3/capitulo3.aux'.

 (./CAPITULOS/capitulo3/capitulo3.tex
Cap\'{\i }tulo 3.

Underfull \vbox (badness 10000) has occurred while \output is active []

 [26




]
[27]

LaTeX Warning: Citation '29' on page 28 undefined on input line 33.


Underfull \vbox (badness 1038) has occurred while \output is active []

 [28])
[29]
\openout2 = `CAPITULOS/capitulo4/capitulo4.aux'.

 (./CAPITULOS/capitulo4/capitulo4.tex
Cap\'{\i }tulo 4.
<CAPITULOS/capitulo4/Diagrama.jpeg, id=131, 614.295pt x 794.97pt>
File: CAPITULOS/capitulo4/Diagrama.jpeg Graphic file (type jpg)
<use CAPITULOS/capitulo4/Diagrama.jpeg>
Package pdftex.def Info: CAPITULOS/capitulo4/Diagrama.jpeg  used on input line 
12.
(pdftex.def)             Requested size: 443.57848pt x 574.05194pt.

LaTeX Warning: `h' float specifier changed to `ht'.

[30




] [31 <./CAPITULOS/capitulo4/Diagrama.jpeg>]
Underfull \hbox (badness 10000) in paragraph at lines 35--35
[]|\T1/cmr/bx/n/10 Definición del re-que-ri-
 []


Underfull \hbox (badness 3271) in paragraph at lines 37--37
[]|\T1/cmr/bx/n/10 Descripción del re-que-ri-
 []


Underfull \hbox (badness 10000) in paragraph at lines 56--56
[]|\T1/cmr/bx/n/10 Definición del re-que-ri-
 []


Underfull \hbox (badness 3271) in paragraph at lines 58--58
[]|\T1/cmr/bx/n/10 Descripción del re-que-ri-
 []


Underfull \hbox (badness 10000) in paragraph at lines 77--77
[]|\T1/cmr/bx/n/10 Definición del re-que-ri-
 []


Underfull \hbox (badness 3271) in paragraph at lines 79--79
[]|\T1/cmr/bx/n/10 Descripción del re-que-ri-
 []


Underfull \hbox (badness 10000) in paragraph at lines 98--98
[]|\T1/cmr/bx/n/10 Definición del re-que-ri-
 []


Underfull \hbox (badness 3271) in paragraph at lines 100--100
[]|\T1/cmr/bx/n/10 Descripción del re-que-ri-
 []


Underfull \vbox (badness 10000) has occurred while \output is active []

 [32

]
Underfull \hbox (badness 10000) in paragraph at lines 119--119
[]|\T1/cmr/bx/n/10 Definición del re-que-ri-
 []


Underfull \hbox (badness 3271) in paragraph at lines 121--121
[]|\T1/cmr/bx/n/10 Descripción del re-que-ri-
 []


Underfull \hbox (badness 10000) in paragraph at lines 140--140
[]|\T1/cmr/bx/n/10 Definición del re-que-ri-
 []


Underfull \hbox (badness 3271) in paragraph at lines 142--142
[]|\T1/cmr/bx/n/10 Descripción del re-que-ri-
 []


Underfull \hbox (badness 10000) in paragraph at lines 161--161
[]|\T1/cmr/bx/n/10 Definición del re-que-ri-
 []


Underfull \hbox (badness 3271) in paragraph at lines 163--163
[]|\T1/cmr/bx/n/10 Descripción del re-que-ri-
 []


Underfull \hbox (badness 10000) in paragraph at lines 182--182
[]|\T1/cmr/bx/n/10 Definición del re-que-ri-
 []


Underfull \hbox (badness 3271) in paragraph at lines 184--184
[]|\T1/cmr/bx/n/10 Descripción del re-que-ri-
 []

[33]
Underfull \hbox (badness 10000) in paragraph at lines 203--203
[]|\T1/cmr/bx/n/10 Definición del re-que-ri-
 []


Underfull \hbox (badness 3271) in paragraph at lines 205--205
[]|\T1/cmr/bx/n/10 Descripción del re-que-ri-
 []


Underfull \hbox (badness 10000) in paragraph at lines 224--224
[]|\T1/cmr/bx/n/10 Definición del re-que-ri-
 []


Underfull \hbox (badness 3271) in paragraph at lines 226--226
[]|\T1/cmr/bx/n/10 Descripción del re-que-ri-
 []


Underfull \hbox (badness 10000) in paragraph at lines 245--245
[]|\T1/cmr/bx/n/10 Definición del re-que-ri-
 []


Underfull \hbox (badness 3271) in paragraph at lines 247--247
[]|\T1/cmr/bx/n/10 Descripción del re-que-ri-
 []


Underfull \vbox (badness 10000) has occurred while \output is active []

 [34]
Underfull \hbox (badness 10000) in paragraph at lines 266--266
[]|\T1/cmr/bx/n/10 Definición del re-que-ri-
 []


Underfull \hbox (badness 3271) in paragraph at lines 268--268
[]|\T1/cmr/bx/n/10 Descripción del re-que-ri-
 []


Underfull \hbox (badness 1360) in paragraph at lines 357--357
\T1/cmr/m/n/10 Costo to-tal men-sual:
 []


Underfull \hbox (badness 7133) in paragraph at lines 357--357
\T1/cmr/m/n/10 lec-tu-ra: $1.05023e-08
 []


Underfull \hbox (badness 1360) in paragraph at lines 357--357
\T1/cmr/m/n/10 Costo to-tal men-sual:
 []


Underfull \hbox (badness 10000) in paragraph at lines 357--357

 []


Underfull \vbox (badness 10000) has occurred while \output is active []

 [35]
Underfull \hbox (badness 10000) in paragraph at lines 373--374
[]|\T1/cmr/bx/n/10 Principales
 []


Underfull \hbox (badness 2310) in paragraph at lines 379--380
[]\T1/cmr/m/n/10 Escalabilidad au-to-
 []


Underfull \hbox (badness 10000) in paragraph at lines 380--381
[]\T1/cmr/m/n/10 Integración con
 []


Underfull \hbox (badness 7221) in paragraph at lines 380--381
\T1/cmr/m/n/10 otros ser-vi-cios de
 []


Underfull \hbox (badness 10000) in paragraph at lines 386--387
[]\T1/cmr/m/n/10 Complejidad
 []


Underfull \hbox (badness 1072) in paragraph at lines 386--387
\T1/cmr/m/n/10 de con-fi-gu-ra-
 []


Underfull \hbox (badness 10000) in paragraph at lines 391--392
[]
 []


Overfull \hbox (22.30351pt too wide) in paragraph at lines 391--392
\T1/cmr/m/n/10 Aplicaciones
 []


Underfull \hbox (badness 10000) in paragraph at lines 392--393
[]\T1/cmr/m/n/10 Bases
 []


Underfull \hbox (badness 10000) in paragraph at lines 392--393
\T1/cmr/m/n/10 de
 []


Underfull \hbox (badness 10000) in paragraph at lines 393--394
[]
 []


Overfull \hbox (4.75224pt too wide) in paragraph at lines 393--394
\T1/cmr/m/n/10 Machine
 []


Underfull \hbox (badness 10000) in paragraph at lines 393--394
\T1/cmr/m/n/10 Lear-
 []


Underfull \hbox (badness 10000) in paragraph at lines 397--397
[]|\T1/cmr/m/n/10 Google
 []


Underfull \hbox (badness 10000) in paragraph at lines 397--397
[]|\T1/cmr/m/n/10 Google Com-pu-te
 []


Underfull \hbox (badness 2310) in paragraph at lines 401--402
[]\T1/cmr/m/n/10 Escalabilidad au-to-
 []


Underfull \hbox (badness 10000) in paragraph at lines 402--403
[]\T1/cmr/m/n/10 Fácil in-te-gra-ción
 []


Underfull \hbox (badness 10000) in paragraph at lines 408--409
[]\T1/cmr/m/n/10 Curva de
 []


Underfull \hbox (badness 10000) in paragraph at lines 413--414
[]
 []


Overfull \hbox (22.30351pt too wide) in paragraph at lines 413--414
\T1/cmr/m/n/10 Aplicaciones
 []


Underfull \hbox (badness 10000) in paragraph at lines 414--415
[]
 []


Overfull \hbox (26.77464pt too wide) in paragraph at lines 414--415
\T1/cmr/m/n/10 Contenedores 
 []


Underfull \hbox (badness 10000) in paragraph at lines 415--416
[]\T1/cmr/m/n/10 Big
 []


Underfull \hbox (badness 10000) in paragraph at lines 419--419
[]|\T1/cmr/m/n/10 Microsoft
 []


Underfull \hbox (badness 10000) in paragraph at lines 429--430
[]\T1/cmr/m/n/10 Complejidad
 []


Underfull \hbox (badness 1072) in paragraph at lines 429--430
\T1/cmr/m/n/10 de con-fi-gu-ra-
 []


Underfull \hbox (badness 10000) in paragraph at lines 434--435
[]
 []


Overfull \hbox (22.30351pt too wide) in paragraph at lines 434--435
\T1/cmr/m/n/10 Aplicaciones
 []


Underfull \hbox (badness 10000) in paragraph at lines 434--435
\T1/cmr/m/n/10 em-pre-
 []


Underfull \hbox (badness 10000) in paragraph at lines 435--436
[]
 []


Overfull \hbox (12.50035pt too wide) in paragraph at lines 435--436
\T1/cmr/m/n/10 Desarrollo
 []


Underfull \hbox (badness 10000) in paragraph at lines 436--437
[]
 []


Overfull \hbox (33.77293pt too wide) in paragraph at lines 436--437
\T1/cmr/m/n/10 Infraestructura 
 []


Overfull \hbox (86.46553pt too wide) in paragraph at lines 371--441
 [][] 
 []


LaTeX Warning: `h' float specifier changed to `ht'.


Underfull \hbox (badness 10000) in paragraph at lines 455--456
[]|\T1/cmr/bx/n/10 Principales
 []


Underfull \hbox (badness 10000) in paragraph at lines 462--463
[]\T1/cmr/m/n/10 Integración con
 []


Underfull \hbox (badness 7221) in paragraph at lines 462--463
\T1/cmr/m/n/10 otros ser-vi-cios de
 []


Underfull \hbox (badness 10000) in paragraph at lines 468--469
[]\T1/cmr/m/n/10 Complejidad
 []


Underfull \hbox (badness 1072) in paragraph at lines 468--469
\T1/cmr/m/n/10 de con-fi-gu-ra-
 []


Underfull \hbox (badness 10000) in paragraph at lines 473--474
[]
 []


Overfull \hbox (40.85454pt too wide) in paragraph at lines 473--474
\T1/cmr/m/n/10 Almacenamiento
 []


Underfull \hbox (badness 2221) in paragraph at lines 473--474
\T1/cmr/m/n/10 de da-
 []


Underfull \hbox (badness 10000) in paragraph at lines 474--475
[]
 []


Overfull \hbox (0.72545pt too wide) in paragraph at lines 474--475
\T1/cmr/m/n/10 Backup
 []


Underfull \hbox (badness 10000) in paragraph at lines 474--475
\T1/cmr/m/n/10 pe-ra-
 []


Underfull \hbox (badness 10000) in paragraph at lines 479--479
[]|\T1/cmr/m/n/10 Google
 []


Underfull \hbox (badness 10000) in paragraph at lines 490--491
[]\T1/cmr/m/n/10 Curva de
 []


Underfull \hbox (badness 10000) in paragraph at lines 495--496
[]
 []


Overfull \hbox (40.85454pt too wide) in paragraph at lines 495--496
\T1/cmr/m/n/10 Almacenamiento
 []


Underfull \hbox (badness 2221) in paragraph at lines 495--496
\T1/cmr/m/n/10 de da-
 []


Underfull \hbox (badness 10000) in paragraph at lines 496--497
[]
 []


Overfull \hbox (4.75224pt too wide) in paragraph at lines 496--497
\T1/cmr/m/n/10 Machine
 []


Underfull \hbox (badness 10000) in paragraph at lines 496--497
\T1/cmr/m/n/10 lear-
 []


Underfull \hbox (badness 10000) in paragraph at lines 497--498
[]
 []


Overfull \hbox (12.27818pt too wide) in paragraph at lines 497--498
\T1/cmr/m/n/10 Archivado 
 []


Underfull \hbox (badness 10000) in paragraph at lines 501--501
[]|\T1/cmr/m/n/10 Microsoft
 []


Underfull \hbox (badness 10000) in paragraph at lines 512--513
[]\T1/cmr/m/n/10 Complejidad
 []


Underfull \hbox (badness 1072) in paragraph at lines 512--513
\T1/cmr/m/n/10 de con-fi-gu-ra-
 []


Underfull \hbox (badness 10000) in paragraph at lines 517--518
[]
 []


Overfull \hbox (40.85454pt too wide) in paragraph at lines 517--518
\T1/cmr/m/n/10 Almacenamiento
 []


Underfull \hbox (badness 2221) in paragraph at lines 517--518
\T1/cmr/m/n/10 de da-
 []


Underfull \hbox (badness 10000) in paragraph at lines 518--519
[]
 []


Overfull \hbox (0.72545pt too wide) in paragraph at lines 518--519
\T1/cmr/m/n/10 Backup
 []


Underfull \hbox (badness 10000) in paragraph at lines 518--519
\T1/cmr/m/n/10 pe-ra-
 []


Overfull \hbox (86.46553pt too wide) in paragraph at lines 453--524
 [][] 
 []


Underfull \vbox (badness 3758) has occurred while \output is active []

 [36]

LaTeX Warning: `h' float specifier changed to `ht'.


Underfull \hbox (badness 10000) in paragraph at lines 536--537
[]|\T1/cmr/bx/n/10 Principales
 []


Underfull \hbox (badness 10000) in paragraph at lines 543--544
[]\T1/cmr/m/n/10 Integración con
 []


Underfull \hbox (badness 7221) in paragraph at lines 543--544
\T1/cmr/m/n/10 otros ser-vi-cios de
 []


Underfull \hbox (badness 10000) in paragraph at lines 549--550
[]\T1/cmr/m/n/10 Complejidad
 []


Underfull \hbox (badness 1072) in paragraph at lines 549--550
\T1/cmr/m/n/10 de con-fi-gu-ra-
 []


Underfull \hbox (badness 10000) in paragraph at lines 554--555
[]
 []


Overfull \hbox (15.8051pt too wide) in paragraph at lines 554--555
\T1/cmr/m/n/10 Desacoplar
 []


Underfull \hbox (badness 10000) in paragraph at lines 554--555
\T1/cmr/m/n/10 apli-ca-
 []


Underfull \hbox (badness 10000) in paragraph at lines 555--556
[]
 []


Overfull \hbox (31.63457pt too wide) in paragraph at lines 555--556
\T1/cmr/m/n/10 Procesamiento
 []


Underfull \hbox (badness 2221) in paragraph at lines 555--556
\T1/cmr/m/n/10 de da-
 []


Underfull \hbox (badness 10000) in paragraph at lines 555--556
\T1/cmr/m/n/10 tos
 []


Underfull \hbox (badness 10000) in paragraph at lines 555--556
\T1/cmr/m/n/10 asín-
 []


Underfull \hbox (badness 10000) in paragraph at lines 556--557
[]
 []


Overfull \hbox (29.91277pt too wide) in paragraph at lines 556--557
\T1/cmr/m/n/10 Microservicios 
 []


Underfull \hbox (badness 10000) in paragraph at lines 560--560
[]|\T1/cmr/m/n/10 Google
 []


Underfull \hbox (badness 10000) in paragraph at lines 571--572
[]\T1/cmr/m/n/10 Curva de
 []


Underfull \hbox (badness 10000) in paragraph at lines 576--577
[]
 []


Overfull \hbox (12.5559pt too wide) in paragraph at lines 576--577
\T1/cmr/m/n/10 Streaming
 []


Underfull \hbox (badness 2221) in paragraph at lines 576--577
\T1/cmr/m/n/10 de da-
 []


Underfull \hbox (badness 10000) in paragraph at lines 577--578
[]
 []


Overfull \hbox (31.63457pt too wide) in paragraph at lines 577--578
\T1/cmr/m/n/10 Procesamiento
 []


Underfull \hbox (badness 10000) in paragraph at lines 577--578
\T1/cmr/m/n/10 de
 []


Underfull \hbox (badness 10000) in paragraph at lines 577--578
\T1/cmr/m/n/10 even-
 []


Underfull \hbox (badness 10000) in paragraph at lines 578--579
[]
 []


Overfull \hbox (16.99925pt too wide) in paragraph at lines 578--579
\T1/cmr/m/n/10 Integración
 []


Underfull \hbox (badness 10000) in paragraph at lines 578--579
\T1/cmr/m/n/10 de
 []


Underfull \hbox (badness 10000) in paragraph at lines 578--579
\T1/cmr/m/n/10 apli-ca-
 []


Underfull \hbox (badness 10000) in paragraph at lines 582--582
[]|\T1/cmr/m/n/10 Microsoft
 []


Underfull \hbox (badness 10000) in paragraph at lines 593--594
[]\T1/cmr/m/n/10 Flexibilidad
 []


Underfull \hbox (badness 10000) in paragraph at lines 598--599
[]
 []


Overfull \hbox (40.85454pt too wide) in paragraph at lines 598--599
\T1/cmr/m/n/10 Almacenamiento
 []


Underfull \hbox (badness 10000) in paragraph at lines 598--599
\T1/cmr/m/n/10 de
 []


Underfull \hbox (badness 10000) in paragraph at lines 598--599
\T1/cmr/m/n/10 men-sa-
 []


Underfull \hbox (badness 10000) in paragraph at lines 599--600
[]
 []


Overfull \hbox (29.46843pt too wide) in paragraph at lines 599--600
\T1/cmr/m/n/10 Comunicación
 []


Underfull \hbox (badness 10000) in paragraph at lines 599--600
\T1/cmr/m/n/10 en-tre
 []


Underfull \hbox (badness 10000) in paragraph at lines 599--600
\T1/cmr/m/n/10 apli-ca-
 []


Underfull \hbox (badness 10000) in paragraph at lines 600--601
[]
 []


Overfull \hbox (31.63457pt too wide) in paragraph at lines 600--601
\T1/cmr/m/n/10 Procesamiento
 []


Underfull \hbox (badness 10000) in paragraph at lines 600--601
\T1/cmr/m/n/10 asín-
 []


Overfull \hbox (86.46553pt too wide) in paragraph at lines 534--605
 [][] 
 []


LaTeX Warning: `h' float specifier changed to `ht'.

) [37] [38] [39]
LaTeX Font Info:    Trying to load font information for T1+cmtt on input line 1
23.
 (/usr/local/texlive/2024/texmf-dist/tex/latex/base/t1cmtt.fd
File: t1cmtt.fd 2023/04/13 v2.5m Standard LaTeX font definitions
)
[40



]
./main.tex:124: Misplaced alignment tab character &.
<argument> ... Conference on Control Engineering &
                                                   Information Technology (C...
l.124 
      
I can't figure out why you would want to use a tab mark
here. If you just want an ampersand, the remedy is
simple: Just type `I\&' now. But if some right brace
up above has ended a previous alignment prematurely,
you're probably due for more error messages, and you
might try typing `S' now just to see what is salvageable.

[41] [42] (/Users/josedanielalvarezramos/Documents/CAPITULOS/out/main.aux
(/Users/josedanielalvarezramos/Documents/CAPITULOS/out/CAPITULOS/PORTADA/portad
a.aux)
LaTeX Info: Redefining \sptext on input line 10.
LaTeX Info: Redefining \. on input line 10.
LaTeX Info: Redefining \% on input line 10.

(/Users/josedanielalvarezramos/Documents/CAPITULOS/out/CAPITULOS/capitulo1/capi
tulo1.aux)
(/Users/josedanielalvarezramos/Documents/CAPITULOS/out/CAPITULOS/capitulo2/capi
tulo2.aux)
(/Users/josedanielalvarezramos/Documents/CAPITULOS/out/CAPITULOS/capitulo3/capi
tulo3.aux)
(/Users/josedanielalvarezramos/Documents/CAPITULOS/out/CAPITULOS/capitulo4/capi
tulo4.aux))
 ***********
LaTeX2e <2023-11-01> patch level 1
L3 programming layer <2024-02-20>
 ***********
Package logreq Info: Writing requests to 'main.run.xml'.
\openout1 = `main.run.xml'.

 ) 
Here is how much of TeX's memory you used:
 35820 strings out of 474116
 859489 string characters out of 5743682
 1961187 words of memory out of 5000000
 57629 multiletter control sequences out of 15000+600000
 573611 words of font info for 64 fonts, out of 8000000 for 9000
 1141 hyphenation exceptions out of 8191
 102i,19n,107p,1132b,3149s stack positions out of 10000i,1000n,20000p,200000b,200000s
</usr/local/texlive/2024/texmf-dist/fonts/type1/public/amsfonts/cm/cmex10.pfb
></usr/local/texlive/2024/texmf-dist/fonts/type1/public/amsfonts/cm/cmmi10.pfb>
</usr/local/texlive/2024/texmf-dist/fonts/type1/public/amsfonts/cm/cmmi5.pfb></
usr/local/texlive/2024/texmf-dist/fonts/type1/public/amsfonts/cm/cmmi7.pfb></us
r/local/texlive/2024/texmf-dist/fonts/type1/public/amsfonts/cm/cmmi9.pfb></usr/
local/texlive/2024/texmf-dist/fonts/type1/public/amsfonts/cm/cmr10.pfb></usr/lo
cal/texlive/2024/texmf-dist/fonts/type1/public/amsfonts/cm/cmr7.pfb></usr/local
/texlive/2024/texmf-dist/fonts/type1/public/amsfonts/cm/cmr9.pfb></usr/local/te
xlive/2024/texmf-dist/fonts/type1/public/amsfonts/cm/cmsy10.pfb></usr/local/tex
live/2024/texmf-dist/fonts/type1/public/amsfonts/cm/cmsy5.pfb></usr/local/texli
ve/2024/texmf-dist/fonts/type1/public/amsfonts/cm/cmsy7.pfb></usr/local/texlive
/2024/texmf-dist/fonts/type1/public/amsfonts/cm/cmsy9.pfb></usr/local/texlive/2
024/texmf-dist/fonts/type1/public/cm-super/sfbx0900.pfb></usr/local/texlive/202
4/texmf-dist/fonts/type1/public/cm-super/sfbx1000.pfb></usr/local/texlive/2024/
texmf-dist/fonts/type1/public/cm-super/sfbx1200.pfb></usr/local/texlive/2024/te
xmf-dist/fonts/type1/public/cm-super/sfbx1440.pfb></usr/local/texlive/2024/texm
f-dist/fonts/type1/public/cm-super/sfbx2074.pfb></usr/local/texlive/2024/texmf-
dist/fonts/type1/public/cm-super/sfbx2488.pfb></usr/local/texlive/2024/texmf-di
st/fonts/type1/public/cm-super/sfrm1000.pfb></usr/local/texlive/2024/texmf-dist
/fonts/type1/public/cm-super/sfrm1200.pfb></usr/local/texlive/2024/texmf-dist/f
onts/type1/public/cm-super/sfti0900.pfb></usr/local/texlive/2024/texmf-dist/fon
ts/type1/public/cm-super/sfti1000.pfb></usr/local/texlive/2024/texmf-dist/fonts
/type1/public/cm-super/sftt1000.pfb>
Output written on /Users/josedanielalvarezramos/Documents/CAPITULOS/out/main.pd
f (42 pages, 3031804 bytes).
PDF statistics:
 276 PDF objects out of 1000 (max. 8388607)
 172 compressed objects within 2 object streams
 0 named destinations out of 1000 (max. 500000)
 53 words of extra memory for PDF output out of 10000 (max. 10000000)

